[2026-09-08 14:48:06] local.ERROR: SQLSTATE[HY000] [2002] No connection could be made because the target machine actively refused it (Connection: mysql, Host: 127.0.0.1, Port: 3306, Database: pex_form, SQL: select exists (select 1 from information_schema.tables where table_schema = schema() and table_name = 'configs' and table_type in ('BASE TABLE', 'SYSTEM VERSIONED')) as `exists`) {"exception":"[object] (Illuminate\\Database\\QueryException(code: 2002): SQLSTATE[HY000] [2002] No connection could be made because the target machine actively refused it (Connection: mysql, Host: 127.0.0.1, Port: 3306, Database: pex_form, SQL: select exists (select 1 from information_schema.tables where table_schema = schema() and table_name = 'configs' and table_type in ('BASE TABLE', 'SYSTEM VERSIONED')) as `exists`) at C:/Users/user/MyFiles/ProgmiX/PEX-Form-main/vendor/laravel/framework/src/Illuminate/Database/Connection.php:838)
[stacktrace]
#0 C:/Users/user/MyFiles/ProgmiX/PEX-Form-main/vendor/laravel/framework/src/Illuminate/Database/Connection.php(999): Illuminate/Database/Connection->runQueryCallback('select exists (...', Array, Object(Closure))
#1 C:/Users/user/MyFiles/ProgmiX/PEX-Form-main/vendor/laravel/framework/src/Illuminate/Database/Connection.php(978): Illuminate/Database/Connection->tryAgainIfCausedByLostConnection(Object(Illuminate/Database/QueryException), 'select exists (...', Array, Object(Closure))
#2 C:/Users/user/MyFiles/ProgmiX/PEX-Form-main/vendor/laravel/framework/src/Illuminate/Database/Connection.php(796): Illuminate/Database/Connection->handleQueryException(Object(Illuminate/Database/QueryException), 'select exists (...', Array, Object(Closure))
#3 C:/Users/user/MyFiles/ProgmiX/PEX-Form-main/vendor/laravel/framework/src/Illuminate/Database/Connection.php(411): Illuminate/Database/Connection->run('select exists (...', Array, Object(Closure))
#4 C:/Users/user/MyFiles/ProgmiX/PEX-Form-main/vendor/laravel/framework/src/Illuminate/Database/Connection.php(357): Illuminate/Database/Connection->select('select exists (...', Array, true)
#5 C:/Users/user/MyFiles/ProgmiX/PEX-Form-main/vendor/laravel/framework/src/Illuminate/Database/Connection.php(374): Illuminate/Database/Connection->selectOne('select exists (...', Array, true)
#6 C:/Users/user/MyFiles/ProgmiX/PEX-Form-main/vendor/laravel/framework/src/Illuminate/Database/Schema/Builder.php(176): Illuminate/Database/Connection->scalar('select exists (...')
#7 C:/Users/user/MyFiles/ProgmiX/PEX-Form-main/vendor/laravel/framework/src/Illuminate/Support/Facades/Facade.php(363): Illuminate/Database/Schema/Builder->hasTable('configs')
#8 C:/Users/user/MyFiles/ProgmiX/PEX-Form-main/modules/CMS/Support/Config.php(28): Illuminate/Support/Facades/Facade::__callStatic('hasTable', Array)
#9 C:/Users/user/MyFiles/ProgmiX/PEX-Form-main/modules/CMS/Providers/CmsServiceProvider.php(255): Juzaweb/CMS/Support/Config->__construct(Object(Juzaweb/CMS/Support/Application), Object(Illuminate/Cache/CacheManager))
#10 C:/Users/user/MyFiles/ProgmiX/PEX-Form-main/vendor/laravel/framework/src/Illuminate/Container/Container.php(1115): Juzaweb/CMS/Providers/CmsServiceProvider->Juzaweb/CMS/Providers/{closure}(Object(Juzaweb/CMS/Support/Application), Array)
#11 C:/Users/user/MyFiles/ProgmiX/PEX-Form-main/vendor/laravel/framework/src/Illuminate/Container/Container.php(933): Illuminate/Container/Container->build(Object(Closure))
#12 C:/Users/user/MyFiles/ProgmiX/PEX-Form-main/vendor/laravel/framework/src/Illuminate/Foundation/Application.php(1078): Illuminate/Container/Container->resolve('Juzaweb//CMS//Con...', Array, true)
#13 C:/Users/user/MyFiles/ProgmiX/PEX-Form-main/vendor/laravel/framework/src/Illuminate/Container/Container.php(864): Illuminate/Foundation/Application->resolve('Juzaweb//CMS//Con...', Array)
#14 C:/Users/user/MyFiles/ProgmiX/PEX-Form-main/vendor/laravel/framework/src/Illuminate/Foundation/Application.php(1058): Illuminate/Container/Container->make('Juzaweb//CMS//Con...', Array)
#15 C:/Users/user/MyFiles/ProgmiX/PEX-Form-main/vendor/laravel/framework/src/Illuminate/Container/Container.php(1805): Illuminate/Foundation/Application->make('Juzaweb//CMS//Con...')
#16 C:/Users/user/MyFiles/ProgmiX/PEX-Form-main/modules/CMS/Providers/PluginServiceProvider.php(59): Illuminate/Container/Container->offsetGet('Juzaweb//CMS//Con...')
#17 C:/Users/user/MyFiles/ProgmiX/PEX-Form-main/vendor/laravel/framework/src/Illuminate/Container/Container.php(1115): Juzaweb/CMS/Providers/PluginServiceProvider->Juzaweb/CMS/Providers/{closure}(Object(Juzaweb/CMS/Support/Application), Array)
#18 C:/Users/user/MyFiles/ProgmiX/PEX-Form-main/vendor/laravel/framework/src/Illuminate/Container/Container.php(933): Illuminate/Container/Container->build(Object(Closure))
#19 C:/Users/user/MyFiles/ProgmiX/PEX-Form-main/vendor/laravel/framework/src/Illuminate/Foundation/Application.php(1078): Illuminate/Container/Container->resolve('Juzaweb//CMS//Con...', Array, true)
#20 C:/Users/user/MyFiles/ProgmiX/PEX-Form-main/vendor/laravel/framework/src/Illuminate/Container/Container.php(864): Illuminate/Foundation/Application->resolve('Juzaweb//CMS//Con...', Array)
#21 C:/Users/user/MyFiles/ProgmiX/PEX-Form-main/vendor/laravel/framework/src/Illuminate/Foundation/Application.php(1058): Illuminate/Container/Container->make('Juzaweb//CMS//Con...', Array)
#22 C:/Users/user/MyFiles/ProgmiX/PEX-Form-main/vendor/laravel/framework/src/Illuminate/Container/Container.php(1805): Illuminate/Foundation/Application->make('Juzaweb//CMS//Con...')
#23 C:/Users/user/MyFiles/ProgmiX/PEX-Form-main/modules/CMS/Support/Plugin.php(88): Illuminate/Container/Container->offsetGet('Juzaweb//CMS//Con...')
#24 C:/Users/user/MyFiles/ProgmiX/PEX-Form-main/modules/CMS/Support/LocalPluginRepository.php(648): Juzaweb/CMS/Support/Plugin->__construct(Object(Juzaweb/CMS/Support/Application), 'C://Users//user//M...')
#25 C:/Users/user/MyFiles/ProgmiX/PEX-Form-main/modules/CMS/Support/LocalPluginRepository.php(139): Juzaweb/CMS/Support/LocalPluginRepository->createPlugin(Object(Juzaweb/CMS/Support/Application), 'C://Users//user//M...')
#26 C:/Users/user/MyFiles/ProgmiX/PEX-Form-main/modules/CMS/Support/LocalPluginRepository.php(169): Juzaweb/CMS/Support/LocalPluginRepository->scan(false)
#27 C:/Users/user/MyFiles/ProgmiX/PEX-Form-main/modules/CMS/Support/LocalPluginRepository.php(233): Juzaweb/CMS/Support/LocalPluginRepository->all()
#28 C:/Users/user/MyFiles/ProgmiX/PEX-Form-main/modules/CMS/Support/LocalPluginRepository.php(263): Juzaweb/CMS/Support/LocalPluginRepository->getByStatus(true)
#29 C:/Users/user/MyFiles/ProgmiX/PEX-Form-main/modules/CMS/Support/LocalPluginRepository.php(298): Juzaweb/CMS/Support/LocalPluginRepository->allEnabled()
#30 C:/Users/user/MyFiles/ProgmiX/PEX-Form-main/modules/CMS/Support/LocalPluginRepository.php(331): Juzaweb/CMS/Support/LocalPluginRepository->getOrdered()
#31 C:/Users/user/MyFiles/ProgmiX/PEX-Form-main/modules/CMS/Providers/BootstrapServiceProvider.php(35): Juzaweb/CMS/Support/LocalPluginRepository->register()
#32 C:/Users/user/MyFiles/ProgmiX/PEX-Form-main/vendor/laravel/framework/src/Illuminate/Foundation/Application.php(896): Juzaweb/CMS/Providers/BootstrapServiceProvider->register()
#33 C:/Users/user/MyFiles/ProgmiX/PEX-Form-main/modules/CMS/Providers/PluginServiceProvider.php(71): Illuminate/Foundation/Application->register(Object(Juzaweb/CMS/Providers/BootstrapServiceProvider))
#34 C:/Users/user/MyFiles/ProgmiX/PEX-Form-main/modules/CMS/Providers/PluginServiceProvider.php(19): Juzaweb/CMS/Providers/PluginServiceProvider->registerModules()
#35 C:/Users/user/MyFiles/ProgmiX/PEX-Form-main/vendor/laravel/framework/src/Illuminate/Container/BoundMethod.php(36): Juzaweb/CMS/Providers/PluginServiceProvider->boot()
#36 C:/Users/user/MyFiles/ProgmiX/PEX-Form-main/vendor/laravel/framework/src/Illuminate/Container/Util.php(43): Illuminate/Container/BoundMethod::Illuminate/Container/{closure}()
#37 C:/Users/user/MyFiles/ProgmiX/PEX-Form-main/vendor/laravel/framework/src/Illuminate/Container/BoundMethod.php(96): Illuminate/Container/Util::unwrapIfClosure(Object(Closure))
#38 C:/Users/user/MyFiles/ProgmiX/PEX-Form-main/vendor/laravel/framework/src/Illuminate/Container/BoundMethod.php(35): Illuminate/Container/BoundMethod::callBoundMethod(Object(Juzaweb/CMS/Support/Application), Array, Object(Closure))
#39 C:/Users/user/MyFiles/ProgmiX/PEX-Form-main/vendor/laravel/framework/src/Illuminate/Container/Container.php(799): Illuminate/Container/BoundMethod::call(Object(Juzaweb/CMS/Support/Application), Array, Array, NULL)
#40 C:/Users/user/MyFiles/ProgmiX/PEX-Form-main/vendor/laravel/framework/src/Illuminate/Foundation/Application.php(1151): Illuminate/Container/Container->call(Array)
#41 C:/Users/user/MyFiles/ProgmiX/PEX-Form-main/vendor/laravel/framework/src/Illuminate/Foundation/Application.php(1132): Illuminate/Foundation/Application->bootProvider(Object(Juzaweb/CMS/Providers/PluginServiceProvider))
#42 [internal function]: Illuminate/Foundation/Application->Illuminate/Foundation/{closure}(Object(Juzaweb/CMS/Providers/PluginServiceProvider), 'Juzaweb//CMS//Pro...')
#43 C:/Users/user/MyFiles/ProgmiX/PEX-Form-main/vendor/laravel/framework/src/Illuminate/Foundation/Application.php(1131): array_walk(Array, Object(Closure))
#44 C:/Users/user/MyFiles/ProgmiX/PEX-Form-main/vendor/laravel/framework/src/Illuminate/Foundation/Bootstrap/BootProviders.php(17): Illuminate/Foundation/Application->boot()
#45 C:/Users/user/MyFiles/ProgmiX/PEX-Form-main/vendor/laravel/framework/src/Illuminate/Foundation/Application.php(342): Illuminate/Foundation/Bootstrap/BootProviders->bootstrap(Object(Juzaweb/CMS/Support/Application))
#46 C:/Users/user/MyFiles/ProgmiX/PEX-Form-main/vendor/laravel/framework/src/Illuminate/Foundation/Console/Kernel.php(494): Illuminate/Foundation/Application->bootstrapWith(Array)
#47 C:/Users/user/MyFiles/ProgmiX/PEX-Form-main/vendor/laravel/framework/src/Illuminate/Foundation/Console/Kernel.php(196): Illuminate/Foundation/Console/Kernel->bootstrap()
#48 C:/Users/user/MyFiles/ProgmiX/PEX-Form-main/artisan(35): Illuminate/Foundation/Console/Kernel->handle(Object(Symfony/Component/Console/Input/ArgvInput), Object(Symfony/Component/Console/Output/ConsoleOutput))
#49 {main}

[previous exception] [object] (PDOException(code: 2002): SQLSTATE[HY000] [2002] No connection could be made because the target machine actively refused it at C:/Users/user/MyFiles/ProgmiX/PEX-Form-main/vendor/laravel/framework/src/Illuminate/Database/Connectors/Connector.php:66)
[stacktrace]
#0 C:/Users/user/MyFiles/ProgmiX/PEX-Form-main/vendor/laravel/framework/src/Illuminate/Database/Connectors/Connector.php(66): PDO->__construct('mysql:host=127....', 'root', Object(SensitiveParameterValue), Array)
#1 C:/Users/user/MyFiles/ProgmiX/PEX-Form-main/vendor/laravel/framework/src/Illuminate/Database/Connectors/Connector.php(85): Illuminate/Database/Connectors/Connector->createPdoConnection('mysql:host=127....', 'root', Object(SensitiveParameterValue), Array)
#2 C:/Users/user/MyFiles/ProgmiX/PEX-Form-main/vendor/laravel/framework/src/Illuminate/Database/Connectors/Connector.php(48): Illuminate/Database/Connectors/Connector->tryAgainIfCausedByLostConnection(Object(PDOException), 'mysql:host=127....', 'root', Object(SensitiveParameterValue), Array)
#3 C:/Users/user/MyFiles/ProgmiX/PEX-Form-main/vendor/laravel/framework/src/Illuminate/Database/Connectors/MySqlConnector.php(24): Illuminate/Database/Connectors/Connector->createConnection('mysql:host=127....', Array, Array)
#4 C:/Users/user/MyFiles/ProgmiX/PEX-Form-main/vendor/laravel/framework/src/Illuminate/Database/Connectors/ConnectionFactory.php(186): Illuminate/Database/Connectors/MySqlConnector->connect(Array)
#5 [internal function]: Illuminate/Database/Connectors/ConnectionFactory->Illuminate/Database/Connectors/{closure}()
#6 C:/Users/user/MyFiles/ProgmiX/PEX-Form-main/vendor/laravel/framework/src/Illuminate/Database/Connection.php(1257): call_user_func(Object(Closure))
#7 C:/Users/user/MyFiles/ProgmiX/PEX-Form-main/vendor/laravel/framework/src/Illuminate/Database/Connection.php(1295): Illuminate/Database/Connection->getPdo()
#8 C:/Users/user/MyFiles/ProgmiX/PEX-Form-main/vendor/laravel/framework/src/Illuminate/Database/Connection.php(525): Illuminate/Database/Connection->getReadPdo()
#9 C:/Users/user/MyFiles/ProgmiX/PEX-Form-main/vendor/laravel/framework/src/Illuminate/Database/Connection.php(420): Illuminate/Database/Connection->getPdoForSelect(true)
#10 C:/Users/user/MyFiles/ProgmiX/PEX-Form-main/vendor/laravel/framework/src/Illuminate/Database/Connection.php(827): Illuminate/Database/Connection->Illuminate/Database/{closure}('select exists (...', Array)
#11 C:/Users/user/MyFiles/ProgmiX/PEX-Form-main/vendor/laravel/framework/src/Illuminate/Database/Connection.php(999): Illuminate/Database/Connection->runQueryCallback('select exists (...', Array, Object(Closure))
#12 C:/Users/user/MyFiles/ProgmiX/PEX-Form-main/vendor/laravel/framework/src/Illuminate/Database/Connection.php(978): Illuminate/Database/Connection->tryAgainIfCausedByLostConnection(Object(Illuminate/Database/QueryException), 'select exists (...', Array, Object(Closure))
#13 C:/Users/user/MyFiles/ProgmiX/PEX-Form-main/vendor/laravel/framework/src/Illuminate/Database/Connection.php(796): Illuminate/Database/Connection->handleQueryException(Object(Illuminate/Database/QueryException), 'select exists (...', Array, Object(Closure))
#14 C:/Users/user/MyFiles/ProgmiX/PEX-Form-main/vendor/laravel/framework/src/Illuminate/Database/Connection.php(411): Illuminate/Database/Connection->run('select exists (...', Array, Object(Closure))
#15 C:/Users/user/MyFiles/ProgmiX/PEX-Form-main/vendor/laravel/framework/src/Illuminate/Database/Connection.php(357): Illuminate/Database/Connection->select('select exists (...', Array, true)
#16 C:/Users/user/MyFiles/ProgmiX/PEX-Form-main/vendor/laravel/framework/src/Illuminate/Database/Connection.php(374): Illuminate/Database/Connection->selectOne('select exists (...', Array, true)
#17 C:/Users/user/MyFiles/ProgmiX/PEX-Form-main/vendor/laravel/framework/src/Illuminate/Database/Schema/Builder.php(176): Illuminate/Database/Connection->scalar('select exists (...')
#18 C:/Users/user/MyFiles/ProgmiX/PEX-Form-main/vendor/laravel/framework/src/Illuminate/Support/Facades/Facade.php(363): Illuminate/Database/Schema/Builder->hasTable('configs')
#19 C:/Users/user/MyFiles/ProgmiX/PEX-Form-main/modules/CMS/Support/Config.php(28): Illuminate/Support/Facades/Facade::__callStatic('hasTable', Array)
#20 C:/Users/user/MyFiles/ProgmiX/PEX-Form-main/modules/CMS/Providers/CmsServiceProvider.php(255): Juzaweb/CMS/Support/Config->__construct(Object(Juzaweb/CMS/Support/Application), Object(Illuminate/Cache/CacheManager))
#21 C:/Users/user/MyFiles/ProgmiX/PEX-Form-main/vendor/laravel/framework/src/Illuminate/Container/Container.php(1115): Juzaweb/CMS/Providers/CmsServiceProvider->Juzaweb/CMS/Providers/{closure}(Object(Juzaweb/CMS/Support/Application), Array)
#22 C:/Users/user/MyFiles/ProgmiX/PEX-Form-main/vendor/laravel/framework/src/Illuminate/Container/Container.php(933): Illuminate/Container/Container->build(Object(Closure))
#23 C:/Users/user/MyFiles/ProgmiX/PEX-Form-main/vendor/laravel/framework/src/Illuminate/Foundation/Application.php(1078): Illuminate/Container/Container->resolve('Juzaweb//CMS//Con...', Array, true)
#24 C:/Users/user/MyFiles/ProgmiX/PEX-Form-main/vendor/laravel/framework/src/Illuminate/Container/Container.php(864): Illuminate/Foundation/Application->resolve('Juzaweb//CMS//Con...', Array)
#25 C:/Users/user/MyFiles/ProgmiX/PEX-Form-main/vendor/laravel/framework/src/Illuminate/Foundation/Application.php(1058): Illuminate/Container/Container->make('Juzaweb//CMS//Con...', Array)
#26 C:/Users/user/MyFiles/ProgmiX/PEX-Form-main/vendor/laravel/framework/src/Illuminate/Container/Container.php(1805): Illuminate/Foundation/Application->make('Juzaweb//CMS//Con...')
#27 C:/Users/user/MyFiles/ProgmiX/PEX-Form-main/modules/CMS/Providers/PluginServiceProvider.php(59): Illuminate/Container/Container->offsetGet('Juzaweb//CMS//Con...')
#28 C:/Users/user/MyFiles/ProgmiX/PEX-Form-main/vendor/laravel/framework/src/Illuminate/Container/Container.php(1115): Juzaweb/CMS/Providers/PluginServiceProvider->Juzaweb/CMS/Providers/{closure}(Object(Juzaweb/CMS/Support/Application), Array)
#29 C:/Users/user/MyFiles/ProgmiX/PEX-Form-main/vendor/laravel/framework/src/Illuminate/Container/Container.php(933): Illuminate/Container/Container->build(Object(Closure))
#30 C:/Users/user/MyFiles/ProgmiX/PEX-Form-main/vendor/laravel/framework/src/Illuminate/Foundation/Application.php(1078): Illuminate/Container/Container->resolve('Juzaweb//CMS//Con...', Array, true)
#31 C:/Users/user/MyFiles/ProgmiX/PEX-Form-main/vendor/laravel/framework/src/Illuminate/Container/Container.php(864): Illuminate/Foundation/Application->resolve('Juzaweb//CMS//Con...', Array)
#32 C:/Users/user/MyFiles/ProgmiX/PEX-Form-main/vendor/laravel/framework/src/Illuminate/Foundation/Application.php(1058): Illuminate/Container/Container->make('Juzaweb//CMS//Con...', Array)
#33 C:/Users/user/MyFiles/ProgmiX/PEX-Form-main/vendor/laravel/framework/src/Illuminate/Container/Container.php(1805): Illuminate/Foundation/Application->make('Juzaweb//CMS//Con...')
#34 C:/Users/user/MyFiles/ProgmiX/PEX-Form-main/modules/CMS/Support/Plugin.php(88): Illuminate/Container/Container->offsetGet('Juzaweb//CMS//Con...')
#35 C:/Users/user/MyFiles/ProgmiX/PEX-Form-main/modules/CMS/Support/LocalPluginRepository.php(648): Juzaweb/CMS/Support/Plugin->__construct(Object(Juzaweb/CMS/Support/Application), 'C://Users//user//M...')
#36 C:/Users/user/MyFiles/ProgmiX/PEX-Form-main/modules/CMS/Support/LocalPluginRepository.php(139): Juzaweb/CMS/Support/LocalPluginRepository->createPlugin(Object(Juzaweb/CMS/Support/Application), 'C://Users//user//M...')
#37 C:/Users/user/MyFiles/ProgmiX/PEX-Form-main/modules/CMS/Support/LocalPluginRepository.php(169): Juzaweb/CMS/Support/LocalPluginRepository->scan(false)
#38 C:/Users/user/MyFiles/ProgmiX/PEX-Form-main/modules/CMS/Support/LocalPluginRepository.php(233): Juzaweb/CMS/Support/LocalPluginRepository->all()
#39 C:/Users/user/MyFiles/ProgmiX/PEX-Form-main/modules/CMS/Support/LocalPluginRepository.php(263): Juzaweb/CMS/Support/LocalPluginRepository->getByStatus(true)
#40 C:/Users/user/MyFiles/ProgmiX/PEX-Form-main/modules/CMS/Support/LocalPluginRepository.php(298): Juzaweb/CMS/Support/LocalPluginRepository->allEnabled()
#41 C:/Users/user/MyFiles/ProgmiX/PEX-Form-main/modules/CMS/Support/LocalPluginRepository.php(331): Juzaweb/CMS/Support/LocalPluginRepository->getOrdered()
#42 C:/Users/user/MyFiles/ProgmiX/PEX-Form-main/modules/CMS/Providers/BootstrapServiceProvider.php(35): Juzaweb/CMS/Support/LocalPluginRepository->register()
#43 C:/Users/user/MyFiles/ProgmiX/PEX-Form-main/vendor/laravel/framework/src/Illuminate/Foundation/Application.php(896): Juzaweb/CMS/Providers/BootstrapServiceProvider->register()
#44 C:/Users/user/MyFiles/ProgmiX/PEX-Form-main/modules/CMS/Providers/PluginServiceProvider.php(71): Illuminate/Foundation/Application->register(Object(Juzaweb/CMS/Providers/BootstrapServiceProvider))
#45 C:/Users/user/MyFiles/ProgmiX/PEX-Form-main/modules/CMS/Providers/PluginServiceProvider.php(19): Juzaweb/CMS/Providers/PluginServiceProvider->registerModules()
#46 C:/Users/user/MyFiles/ProgmiX/PEX-Form-main/vendor/laravel/framework/src/Illuminate/Container/BoundMethod.php(36): Juzaweb/CMS/Providers/PluginServiceProvider->boot()
#47 C:/Users/user/MyFiles/ProgmiX/PEX-Form-main/vendor/laravel/framework/src/Illuminate/Container/Util.php(43): Illuminate/Container/BoundMethod::Illuminate/Container/{closure}()
#48 C:/Users/user/MyFiles/ProgmiX/PEX-Form-main/vendor/laravel/framework/src/Illuminate/Container/BoundMethod.php(96): Illuminate/Container/Util::unwrapIfClosure(Object(Closure))
#49 C:/Users/user/MyFiles/ProgmiX/PEX-Form-main/vendor/laravel/framework/src/Illuminate/Container/BoundMethod.php(35): Illuminate/Container/BoundMethod::callBoundMethod(Object(Juzaweb/CMS/Support/Application), Array, Object(Closure))
#50 C:/Users/user/MyFiles/ProgmiX/PEX-Form-main/vendor/laravel/framework/src/Illuminate/Container/Container.php(799): Illuminate/Container/BoundMethod::call(Object(Juzaweb/CMS/Support/Application), Array, Array, NULL)
#51 C:/Users/user/MyFiles/ProgmiX/PEX-Form-main/vendor/laravel/framework/src/Illuminate/Foundation/Application.php(1151): Illuminate/Container/Container->call(Array)
#52 C:/Users/user/MyFiles/ProgmiX/PEX-Form-main/vendor/laravel/framework/src/Illuminate/Foundation/Application.php(1132): Illuminate/Foundation/Application->bootProvider(Object(Juzaweb/CMS/Providers/PluginServiceProvider))
#53 [internal function]: Illuminate/Foundation/Application->Illuminate/Foundation/{closure}(Object(Juzaweb/CMS/Providers/PluginServiceProvider), 'Juzaweb//CMS//Pro...')
#54 C:/Users/user/MyFiles/ProgmiX/PEX-Form-main/vendor/laravel/framework/src/Illuminate/Foundation/Application.php(1131): array_walk(Array, Object(Closure))
#55 C:/Users/user/MyFiles/ProgmiX/PEX-Form-main/vendor/laravel/framework/src/Illuminate/Foundation/Bootstrap/BootProviders.php(17): Illuminate/Foundation/Application->boot()
#56 C:/Users/user/MyFiles/ProgmiX/PEX-Form-main/vendor/laravel/framework/src/Illuminate/Foundation/Application.php(342): Illuminate/Foundation/Bootstrap/BootProviders->bootstrap(Object(Juzaweb/CMS/Support/Application))
#57 C:/Users/user/MyFiles/ProgmiX/PEX-Form-main/vendor/laravel/framework/src/Illuminate/Foundation/Console/Kernel.php(494): Illuminate/Foundation/Application->bootstrapWith(Array)
#58 C:/Users/user/MyFiles/ProgmiX/PEX-Form-main/vendor/laravel/framework/src/Illuminate/Foundation/Console/Kernel.php(196): Illuminate/Foundation/Console/Kernel->bootstrap()
#59 C:/Users/user/MyFiles/ProgmiX/PEX-Form-main/artisan(35): Illuminate/Foundation/Console/Kernel->handle(Object(Symfony/Component/Console/Input/ArgvInput), Object(Symfony/Component/Console/Output/ConsoleOutput))
#60 {main}
"} 
[2026-09-08 15:51:59] local.INFO: Invalid input detected from NoPathTraversal rule:  {"input":"sss\\\\sss","url":"http://127.0.0.1:8000/forum-registration","matched":"\\"} 
[2026-09-08 15:52:41] local.INFO: Invalid input detected from NoPathTraversal rule:  {"input":"وزارة التعليم/غزة","url":"http://127.0.0.1:8000/forum-registration","matched":"/"} 
[2026-09-08 15:57:01] local.INFO: Invalid input detected from NoPathTraversal rule:  {"input":"test/test","url":"http://127.0.0.1:8000/forum-registration","matched":"/"} 
[2026-09-08 15:57:21] local.INFO: Invalid input detected from NoPathTraversal rule:  {"input":"وزارة/التعليم","url":"http://127.0.0.1:8000/forum-registration","matched":"/"} 
[2026-09-08 15:57:41] local.INFO: Invalid input detected from NoPathTraversal rule:  {"input":"وزارة\\\\التعليم","url":"http://127.0.0.1:8000/forum-registration","matched":"\\"} 
[2026-09-08 15:57:46] local.INFO: Invalid input detected from NoPathTraversal rule:  {"input":"وزارة/التعليم","url":"http://127.0.0.1:8000/forum-registration","matched":"/"} 
