[2026-09-20 09:22:17] local.ERROR: SQLSTATE[HY000] [2002] No connection could be made because the target machine actively refused it (Connection: mysql, Host: 127.0.0.1, Port: 3306, Database: pex_form, SQL: select exists (select 1 from information_schema.tables where table_schema = schema() and table_name = 'configs' and table_type in ('BASE TABLE', 'SYSTEM VERSIONED')) as `exists`) {"exception":"[object] (Illuminate\\Database\\QueryException(code: 2002): SQLSTATE[HY000] [2002] No connection could be made because the target machine actively refused it (Connection: mysql, Host: 127.0.0.1, Port: 3306, Database: pex_form, SQL: select exists (select 1 from information_schema.tables where table_schema = schema() and table_name = 'configs' and table_type in ('BASE TABLE', 'SYSTEM VERSIONED')) as `exists`) at C:/Users/user/MyFiles/ProgmiX/PEX-Form-main/vendor/laravel/framework/src/Illuminate/Database/Connection.php:838)
[stacktrace]
#0 C:/Users/user/MyFiles/ProgmiX/PEX-Form-main/vendor/laravel/framework/src/Illuminate/Database/Connection.php(999): Illuminate/Database/Connection->runQueryCallback('select exists (...', Array, Object(Closure))
#1 C:/Users/user/MyFiles/ProgmiX/PEX-Form-main/vendor/laravel/framework/src/Illuminate/Database/Connection.php(978): Illuminate/Database/Connection->tryAgainIfCausedByLostConnection(Object(Illuminate/Database/QueryException), 'select exists (...', Array, Object(Closure))
#2 C:/Users/user/MyFiles/ProgmiX/PEX-Form-main/vendor/laravel/framework/src/Illuminate/Database/Connection.php(796): Illuminate/Database/Connection->handleQueryException(Object(Illuminate/Database/QueryException), 'select exists (...', Array, Object(Closure))
#3 C:/Users/user/MyFiles/ProgmiX/PEX-Form-main/vendor/laravel/framework/src/Illuminate/Database/Connection.php(411): Illuminate/Database/Connection->run('select exists (...', Array, Object(Closure))
#4 C:/Users/user/MyFiles/ProgmiX/PEX-Form-main/vendor/laravel/framework/src/Illuminate/Database/Connection.php(357): Illuminate/Database/Connection->select('select exists (...', Array, true)
#5 C:/Users/user/MyFiles/ProgmiX/PEX-Form-main/vendor/laravel/framework/src/Illuminate/Database/Connection.php(374): Illuminate/Database/Connection->selectOne('select exists (...', Array, true)
#6 C:/Users/user/MyFiles/ProgmiX/PEX-Form-main/vendor/laravel/framework/src/Illuminate/Database/Schema/Builder.php(176): Illuminate/Database/Connection->scalar('select exists (...')
#7 C:/Users/user/MyFiles/ProgmiX/PEX-Form-main/vendor/laravel/framework/src/Illuminate/Support/Facades/Facade.php(363): Illuminate/Database/Schema/Builder->hasTable('configs')
#8 C:/Users/user/MyFiles/ProgmiX/PEX-Form-main/modules/CMS/Support/Config.php(28): Illuminate/Support/Facades/Facade::__callStatic('hasTable', Array)
#9 C:/Users/user/MyFiles/ProgmiX/PEX-Form-main/modules/CMS/Providers/CmsServiceProvider.php(255): Juzaweb/CMS/Support/Config->__construct(Object(Juzaweb/CMS/Support/Application), Object(Illuminate/Cache/CacheManager))
#10 C:/Users/user/MyFiles/ProgmiX/PEX-Form-main/vendor/laravel/framework/src/Illuminate/Container/Container.php(1115): Juzaweb/CMS/Providers/CmsServiceProvider->Juzaweb/CMS/Providers/{closure}(Object(Juzaweb/CMS/Support/Application), Array)
#11 C:/Users/user/MyFiles/ProgmiX/PEX-Form-main/vendor/laravel/framework/src/Illuminate/Container/Container.php(933): Illuminate/Container/Container->build(Object(Closure))
#12 C:/Users/user/MyFiles/ProgmiX/PEX-Form-main/vendor/laravel/framework/src/Illuminate/Foundation/Application.php(1078): Illuminate/Container/Container->resolve('Juzaweb//CMS//Con...', Array, true)
#13 C:/Users/user/MyFiles/ProgmiX/PEX-Form-main/vendor/laravel/framework/src/Illuminate/Container/Container.php(864): Illuminate/Foundation/Application->resolve('Juzaweb//CMS//Con...', Array)
#14 C:/Users/user/MyFiles/ProgmiX/PEX-Form-main/vendor/laravel/framework/src/Illuminate/Foundation/Application.php(1058): Illuminate/Container/Container->make('Juzaweb//CMS//Con...', Array)
#15 C:/Users/user/MyFiles/ProgmiX/PEX-Form-main/vendor/laravel/framework/src/Illuminate/Container/Container.php(1805): Illuminate/Foundation/Application->make('Juzaweb//CMS//Con...')
#16 C:/Users/user/MyFiles/ProgmiX/PEX-Form-main/modules/CMS/Providers/PluginServiceProvider.php(59): Illuminate/Container/Container->offsetGet('Juzaweb//CMS//Con...')
#17 C:/Users/user/MyFiles/ProgmiX/PEX-Form-main/vendor/laravel/framework/src/Illuminate/Container/Container.php(1115): Juzaweb/CMS/Providers/PluginServiceProvider->Juzaweb/CMS/Providers/{closure}(Object(Juzaweb/CMS/Support/Application), Array)
#18 C:/Users/user/MyFiles/ProgmiX/PEX-Form-main/vendor/laravel/framework/src/Illuminate/Container/Container.php(933): Illuminate/Container/Container->build(Object(Closure))
#19 C:/Users/user/MyFiles/ProgmiX/PEX-Form-main/vendor/laravel/framework/src/Illuminate/Foundation/Application.php(1078): Illuminate/Container/Container->resolve('Juzaweb//CMS//Con...', Array, true)
#20 C:/Users/user/MyFiles/ProgmiX/PEX-Form-main/vendor/laravel/framework/src/Illuminate/Container/Container.php(864): Illuminate/Foundation/Application->resolve('Juzaweb//CMS//Con...', Array)
#21 C:/Users/user/MyFiles/ProgmiX/PEX-Form-main/vendor/laravel/framework/src/Illuminate/Foundation/Application.php(1058): Illuminate/Container/Container->make('Juzaweb//CMS//Con...', Array)
#22 C:/Users/user/MyFiles/ProgmiX/PEX-Form-main/vendor/laravel/framework/src/Illuminate/Container/Container.php(1805): Illuminate/Foundation/Application->make('Juzaweb//CMS//Con...')
#23 C:/Users/user/MyFiles/ProgmiX/PEX-Form-main/modules/CMS/Support/Plugin.php(88): Illuminate/Container/Container->offsetGet('Juzaweb//CMS//Con...')
#24 C:/Users/user/MyFiles/ProgmiX/PEX-Form-main/modules/CMS/Support/LocalPluginRepository.php(648): Juzaweb/CMS/Support/Plugin->__construct(Object(Juzaweb/CMS/Support/Application), 'C://Users//user//M...')
#25 C:/Users/user/MyFiles/ProgmiX/PEX-Form-main/modules/CMS/Support/LocalPluginRepository.php(139): Juzaweb/CMS/Support/LocalPluginRepository->createPlugin(Object(Juzaweb/CMS/Support/Application), 'C://Users//user//M...')
#26 C:/Users/user/MyFiles/ProgmiX/PEX-Form-main/modules/CMS/Support/LocalPluginRepository.php(169): Juzaweb/CMS/Support/LocalPluginRepository->scan(false)
#27 C:/Users/user/MyFiles/ProgmiX/PEX-Form-main/modules/CMS/Support/LocalPluginRepository.php(233): Juzaweb/CMS/Support/LocalPluginRepository->all()
#28 C:/Users/user/MyFiles/ProgmiX/PEX-Form-main/modules/CMS/Support/LocalPluginRepository.php(263): Juzaweb/CMS/Support/LocalPluginRepository->getByStatus(true)
#29 C:/Users/user/MyFiles/ProgmiX/PEX-Form-main/modules/CMS/Support/LocalPluginRepository.php(298): Juzaweb/CMS/Support/LocalPluginRepository->allEnabled()
#30 C:/Users/user/MyFiles/ProgmiX/PEX-Form-main/modules/CMS/Support/LocalPluginRepository.php(331): Juzaweb/CMS/Support/LocalPluginRepository->getOrdered()
#31 C:/Users/user/MyFiles/ProgmiX/PEX-Form-main/modules/CMS/Providers/BootstrapServiceProvider.php(35): Juzaweb/CMS/Support/LocalPluginRepository->register()
#32 C:/Users/user/MyFiles/ProgmiX/PEX-Form-main/vendor/laravel/framework/src/Illuminate/Foundation/Application.php(896): Juzaweb/CMS/Providers/BootstrapServiceProvider->register()
#33 C:/Users/user/MyFiles/ProgmiX/PEX-Form-main/modules/CMS/Providers/PluginServiceProvider.php(71): Illuminate/Foundation/Application->register(Object(Juzaweb/CMS/Providers/BootstrapServiceProvider))
#34 C:/Users/user/MyFiles/ProgmiX/PEX-Form-main/modules/CMS/Providers/PluginServiceProvider.php(19): Juzaweb/CMS/Providers/PluginServiceProvider->registerModules()
#35 C:/Users/user/MyFiles/ProgmiX/PEX-Form-main/vendor/laravel/framework/src/Illuminate/Container/BoundMethod.php(36): Juzaweb/CMS/Providers/PluginServiceProvider->boot()
#36 C:/Users/user/MyFiles/ProgmiX/PEX-Form-main/vendor/laravel/framework/src/Illuminate/Container/Util.php(43): Illuminate/Container/BoundMethod::Illuminate/Container/{closure}()
#37 C:/Users/user/MyFiles/ProgmiX/PEX-Form-main/vendor/laravel/framework/src/Illuminate/Container/BoundMethod.php(96): Illuminate/Container/Util::unwrapIfClosure(Object(Closure))
#38 C:/Users/user/MyFiles/ProgmiX/PEX-Form-main/vendor/laravel/framework/src/Illuminate/Container/BoundMethod.php(35): Illuminate/Container/BoundMethod::callBoundMethod(Object(Juzaweb/CMS/Support/Application), Array, Object(Closure))
#39 C:/Users/user/MyFiles/ProgmiX/PEX-Form-main/vendor/laravel/framework/src/Illuminate/Container/Container.php(799): Illuminate/Container/BoundMethod::call(Object(Juzaweb/CMS/Support/Application), Array, Array, NULL)
#40 C:/Users/user/MyFiles/ProgmiX/PEX-Form-main/vendor/laravel/framework/src/Illuminate/Foundation/Application.php(1151): Illuminate/Container/Container->call(Array)
#41 C:/Users/user/MyFiles/ProgmiX/PEX-Form-main/vendor/laravel/framework/src/Illuminate/Foundation/Application.php(1132): Illuminate/Foundation/Application->bootProvider(Object(Juzaweb/CMS/Providers/PluginServiceProvider))
#42 [internal function]: Illuminate/Foundation/Application->Illuminate/Foundation/{closure}(Object(Juzaweb/CMS/Providers/PluginServiceProvider), 'Juzaweb//CMS//Pro...')
#43 C:/Users/user/MyFiles/ProgmiX/PEX-Form-main/vendor/laravel/framework/src/Illuminate/Foundation/Application.php(1131): array_walk(Array, Object(Closure))
#44 C:/Users/user/MyFiles/ProgmiX/PEX-Form-main/vendor/laravel/framework/src/Illuminate/Foundation/Bootstrap/BootProviders.php(17): Illuminate/Foundation/Application->boot()
#45 C:/Users/user/MyFiles/ProgmiX/PEX-Form-main/vendor/laravel/framework/src/Illuminate/Foundation/Application.php(342): Illuminate/Foundation/Bootstrap/BootProviders->bootstrap(Object(Juzaweb/CMS/Support/Application))
#46 C:/Users/user/MyFiles/ProgmiX/PEX-Form-main/vendor/laravel/framework/src/Illuminate/Foundation/Console/Kernel.php(494): Illuminate/Foundation/Application->bootstrapWith(Array)
#47 C:/Users/user/MyFiles/ProgmiX/PEX-Form-main/vendor/laravel/framework/src/Illuminate/Foundation/Console/Kernel.php(196): Illuminate/Foundation/Console/Kernel->bootstrap()
#48 C:/Users/user/MyFiles/ProgmiX/PEX-Form-main/artisan(35): Illuminate/Foundation/Console/Kernel->handle(Object(Symfony/Component/Console/Input/ArgvInput), Object(Symfony/Component/Console/Output/ConsoleOutput))
#49 {main}

[previous exception] [object] (PDOException(code: 2002): SQLSTATE[HY000] [2002] No connection could be made because the target machine actively refused it at C:/Users/user/MyFiles/ProgmiX/PEX-Form-main/vendor/laravel/framework/src/Illuminate/Database/Connectors/Connector.php:66)
[stacktrace]
#0 C:/Users/user/MyFiles/ProgmiX/PEX-Form-main/vendor/laravel/framework/src/Illuminate/Database/Connectors/Connector.php(66): PDO->__construct('mysql:host=127....', 'root', Object(SensitiveParameterValue), Array)
#1 C:/Users/user/MyFiles/ProgmiX/PEX-Form-main/vendor/laravel/framework/src/Illuminate/Database/Connectors/Connector.php(85): Illuminate/Database/Connectors/Connector->createPdoConnection('mysql:host=127....', 'root', Object(SensitiveParameterValue), Array)
#2 C:/Users/user/MyFiles/ProgmiX/PEX-Form-main/vendor/laravel/framework/src/Illuminate/Database/Connectors/Connector.php(48): Illuminate/Database/Connectors/Connector->tryAgainIfCausedByLostConnection(Object(PDOException), 'mysql:host=127....', 'root', Object(SensitiveParameterValue), Array)
#3 C:/Users/user/MyFiles/ProgmiX/PEX-Form-main/vendor/laravel/framework/src/Illuminate/Database/Connectors/MySqlConnector.php(24): Illuminate/Database/Connectors/Connector->createConnection('mysql:host=127....', Array, Array)
#4 C:/Users/user/MyFiles/ProgmiX/PEX-Form-main/vendor/laravel/framework/src/Illuminate/Database/Connectors/ConnectionFactory.php(186): Illuminate/Database/Connectors/MySqlConnector->connect(Array)
#5 [internal function]: Illuminate/Database/Connectors/ConnectionFactory->Illuminate/Database/Connectors/{closure}()
#6 C:/Users/user/MyFiles/ProgmiX/PEX-Form-main/vendor/laravel/framework/src/Illuminate/Database/Connection.php(1257): call_user_func(Object(Closure))
#7 C:/Users/user/MyFiles/ProgmiX/PEX-Form-main/vendor/laravel/framework/src/Illuminate/Database/Connection.php(1295): Illuminate/Database/Connection->getPdo()
#8 C:/Users/user/MyFiles/ProgmiX/PEX-Form-main/vendor/laravel/framework/src/Illuminate/Database/Connection.php(525): Illuminate/Database/Connection->getReadPdo()
#9 C:/Users/user/MyFiles/ProgmiX/PEX-Form-main/vendor/laravel/framework/src/Illuminate/Database/Connection.php(420): Illuminate/Database/Connection->getPdoForSelect(true)
#10 C:/Users/user/MyFiles/ProgmiX/PEX-Form-main/vendor/laravel/framework/src/Illuminate/Database/Connection.php(827): Illuminate/Database/Connection->Illuminate/Database/{closure}('select exists (...', Array)
#11 C:/Users/user/MyFiles/ProgmiX/PEX-Form-main/vendor/laravel/framework/src/Illuminate/Database/Connection.php(999): Illuminate/Database/Connection->runQueryCallback('select exists (...', Array, Object(Closure))
#12 C:/Users/user/MyFiles/ProgmiX/PEX-Form-main/vendor/laravel/framework/src/Illuminate/Database/Connection.php(978): Illuminate/Database/Connection->tryAgainIfCausedByLostConnection(Object(Illuminate/Database/QueryException), 'select exists (...', Array, Object(Closure))
#13 C:/Users/user/MyFiles/ProgmiX/PEX-Form-main/vendor/laravel/framework/src/Illuminate/Database/Connection.php(796): Illuminate/Database/Connection->handleQueryException(Object(Illuminate/Database/QueryException), 'select exists (...', Array, Object(Closure))
#14 C:/Users/user/MyFiles/ProgmiX/PEX-Form-main/vendor/laravel/framework/src/Illuminate/Database/Connection.php(411): Illuminate/Database/Connection->run('select exists (...', Array, Object(Closure))
#15 C:/Users/user/MyFiles/ProgmiX/PEX-Form-main/vendor/laravel/framework/src/Illuminate/Database/Connection.php(357): Illuminate/Database/Connection->select('select exists (...', Array, true)
#16 C:/Users/user/MyFiles/ProgmiX/PEX-Form-main/vendor/laravel/framework/src/Illuminate/Database/Connection.php(374): Illuminate/Database/Connection->selectOne('select exists (...', Array, true)
#17 C:/Users/user/MyFiles/ProgmiX/PEX-Form-main/vendor/laravel/framework/src/Illuminate/Database/Schema/Builder.php(176): Illuminate/Database/Connection->scalar('select exists (...')
#18 C:/Users/user/MyFiles/ProgmiX/PEX-Form-main/vendor/laravel/framework/src/Illuminate/Support/Facades/Facade.php(363): Illuminate/Database/Schema/Builder->hasTable('configs')
#19 C:/Users/user/MyFiles/ProgmiX/PEX-Form-main/modules/CMS/Support/Config.php(28): Illuminate/Support/Facades/Facade::__callStatic('hasTable', Array)
#20 C:/Users/user/MyFiles/ProgmiX/PEX-Form-main/modules/CMS/Providers/CmsServiceProvider.php(255): Juzaweb/CMS/Support/Config->__construct(Object(Juzaweb/CMS/Support/Application), Object(Illuminate/Cache/CacheManager))
#21 C:/Users/user/MyFiles/ProgmiX/PEX-Form-main/vendor/laravel/framework/src/Illuminate/Container/Container.php(1115): Juzaweb/CMS/Providers/CmsServiceProvider->Juzaweb/CMS/Providers/{closure}(Object(Juzaweb/CMS/Support/Application), Array)
#22 C:/Users/user/MyFiles/ProgmiX/PEX-Form-main/vendor/laravel/framework/src/Illuminate/Container/Container.php(933): Illuminate/Container/Container->build(Object(Closure))
#23 C:/Users/user/MyFiles/ProgmiX/PEX-Form-main/vendor/laravel/framework/src/Illuminate/Foundation/Application.php(1078): Illuminate/Container/Container->resolve('Juzaweb//CMS//Con...', Array, true)
#24 C:/Users/user/MyFiles/ProgmiX/PEX-Form-main/vendor/laravel/framework/src/Illuminate/Container/Container.php(864): Illuminate/Foundation/Application->resolve('Juzaweb//CMS//Con...', Array)
#25 C:/Users/user/MyFiles/ProgmiX/PEX-Form-main/vendor/laravel/framework/src/Illuminate/Foundation/Application.php(1058): Illuminate/Container/Container->make('Juzaweb//CMS//Con...', Array)
#26 C:/Users/user/MyFiles/ProgmiX/PEX-Form-main/vendor/laravel/framework/src/Illuminate/Container/Container.php(1805): Illuminate/Foundation/Application->make('Juzaweb//CMS//Con...')
#27 C:/Users/user/MyFiles/ProgmiX/PEX-Form-main/modules/CMS/Providers/PluginServiceProvider.php(59): Illuminate/Container/Container->offsetGet('Juzaweb//CMS//Con...')
#28 C:/Users/user/MyFiles/ProgmiX/PEX-Form-main/vendor/laravel/framework/src/Illuminate/Container/Container.php(1115): Juzaweb/CMS/Providers/PluginServiceProvider->Juzaweb/CMS/Providers/{closure}(Object(Juzaweb/CMS/Support/Application), Array)
#29 C:/Users/user/MyFiles/ProgmiX/PEX-Form-main/vendor/laravel/framework/src/Illuminate/Container/Container.php(933): Illuminate/Container/Container->build(Object(Closure))
#30 C:/Users/user/MyFiles/ProgmiX/PEX-Form-main/vendor/laravel/framework/src/Illuminate/Foundation/Application.php(1078): Illuminate/Container/Container->resolve('Juzaweb//CMS//Con...', Array, true)
#31 C:/Users/user/MyFiles/ProgmiX/PEX-Form-main/vendor/laravel/framework/src/Illuminate/Container/Container.php(864): Illuminate/Foundation/Application->resolve('Juzaweb//CMS//Con...', Array)
#32 C:/Users/user/MyFiles/ProgmiX/PEX-Form-main/vendor/laravel/framework/src/Illuminate/Foundation/Application.php(1058): Illuminate/Container/Container->make('Juzaweb//CMS//Con...', Array)
#33 C:/Users/user/MyFiles/ProgmiX/PEX-Form-main/vendor/laravel/framework/src/Illuminate/Container/Container.php(1805): Illuminate/Foundation/Application->make('Juzaweb//CMS//Con...')
#34 C:/Users/user/MyFiles/ProgmiX/PEX-Form-main/modules/CMS/Support/Plugin.php(88): Illuminate/Container/Container->offsetGet('Juzaweb//CMS//Con...')
#35 C:/Users/user/MyFiles/ProgmiX/PEX-Form-main/modules/CMS/Support/LocalPluginRepository.php(648): Juzaweb/CMS/Support/Plugin->__construct(Object(Juzaweb/CMS/Support/Application), 'C://Users//user//M...')
#36 C:/Users/user/MyFiles/ProgmiX/PEX-Form-main/modules/CMS/Support/LocalPluginRepository.php(139): Juzaweb/CMS/Support/LocalPluginRepository->createPlugin(Object(Juzaweb/CMS/Support/Application), 'C://Users//user//M...')
#37 C:/Users/user/MyFiles/ProgmiX/PEX-Form-main/modules/CMS/Support/LocalPluginRepository.php(169): Juzaweb/CMS/Support/LocalPluginRepository->scan(false)
#38 C:/Users/user/MyFiles/ProgmiX/PEX-Form-main/modules/CMS/Support/LocalPluginRepository.php(233): Juzaweb/CMS/Support/LocalPluginRepository->all()
#39 C:/Users/user/MyFiles/ProgmiX/PEX-Form-main/modules/CMS/Support/LocalPluginRepository.php(263): Juzaweb/CMS/Support/LocalPluginRepository->getByStatus(true)
#40 C:/Users/user/MyFiles/ProgmiX/PEX-Form-main/modules/CMS/Support/LocalPluginRepository.php(298): Juzaweb/CMS/Support/LocalPluginRepository->allEnabled()
#41 C:/Users/user/MyFiles/ProgmiX/PEX-Form-main/modules/CMS/Support/LocalPluginRepository.php(331): Juzaweb/CMS/Support/LocalPluginRepository->getOrdered()
#42 C:/Users/user/MyFiles/ProgmiX/PEX-Form-main/modules/CMS/Providers/BootstrapServiceProvider.php(35): Juzaweb/CMS/Support/LocalPluginRepository->register()
#43 C:/Users/user/MyFiles/ProgmiX/PEX-Form-main/vendor/laravel/framework/src/Illuminate/Foundation/Application.php(896): Juzaweb/CMS/Providers/BootstrapServiceProvider->register()
#44 C:/Users/user/MyFiles/ProgmiX/PEX-Form-main/modules/CMS/Providers/PluginServiceProvider.php(71): Illuminate/Foundation/Application->register(Object(Juzaweb/CMS/Providers/BootstrapServiceProvider))
#45 C:/Users/user/MyFiles/ProgmiX/PEX-Form-main/modules/CMS/Providers/PluginServiceProvider.php(19): Juzaweb/CMS/Providers/PluginServiceProvider->registerModules()
#46 C:/Users/user/MyFiles/ProgmiX/PEX-Form-main/vendor/laravel/framework/src/Illuminate/Container/BoundMethod.php(36): Juzaweb/CMS/Providers/PluginServiceProvider->boot()
#47 C:/Users/user/MyFiles/ProgmiX/PEX-Form-main/vendor/laravel/framework/src/Illuminate/Container/Util.php(43): Illuminate/Container/BoundMethod::Illuminate/Container/{closure}()
#48 C:/Users/user/MyFiles/ProgmiX/PEX-Form-main/vendor/laravel/framework/src/Illuminate/Container/BoundMethod.php(96): Illuminate/Container/Util::unwrapIfClosure(Object(Closure))
#49 C:/Users/user/MyFiles/ProgmiX/PEX-Form-main/vendor/laravel/framework/src/Illuminate/Container/BoundMethod.php(35): Illuminate/Container/BoundMethod::callBoundMethod(Object(Juzaweb/CMS/Support/Application), Array, Object(Closure))
#50 C:/Users/user/MyFiles/ProgmiX/PEX-Form-main/vendor/laravel/framework/src/Illuminate/Container/Container.php(799): Illuminate/Container/BoundMethod::call(Object(Juzaweb/CMS/Support/Application), Array, Array, NULL)
#51 C:/Users/user/MyFiles/ProgmiX/PEX-Form-main/vendor/laravel/framework/src/Illuminate/Foundation/Application.php(1151): Illuminate/Container/Container->call(Array)
#52 C:/Users/user/MyFiles/ProgmiX/PEX-Form-main/vendor/laravel/framework/src/Illuminate/Foundation/Application.php(1132): Illuminate/Foundation/Application->bootProvider(Object(Juzaweb/CMS/Providers/PluginServiceProvider))
#53 [internal function]: Illuminate/Foundation/Application->Illuminate/Foundation/{closure}(Object(Juzaweb/CMS/Providers/PluginServiceProvider), 'Juzaweb//CMS//Pro...')
#54 C:/Users/user/MyFiles/ProgmiX/PEX-Form-main/vendor/laravel/framework/src/Illuminate/Foundation/Application.php(1131): array_walk(Array, Object(Closure))
#55 C:/Users/user/MyFiles/ProgmiX/PEX-Form-main/vendor/laravel/framework/src/Illuminate/Foundation/Bootstrap/BootProviders.php(17): Illuminate/Foundation/Application->boot()
#56 C:/Users/user/MyFiles/ProgmiX/PEX-Form-main/vendor/laravel/framework/src/Illuminate/Foundation/Application.php(342): Illuminate/Foundation/Bootstrap/BootProviders->bootstrap(Object(Juzaweb/CMS/Support/Application))
#57 C:/Users/user/MyFiles/ProgmiX/PEX-Form-main/vendor/laravel/framework/src/Illuminate/Foundation/Console/Kernel.php(494): Illuminate/Foundation/Application->bootstrapWith(Array)
#58 C:/Users/user/MyFiles/ProgmiX/PEX-Form-main/vendor/laravel/framework/src/Illuminate/Foundation/Console/Kernel.php(196): Illuminate/Foundation/Console/Kernel->bootstrap()
#59 C:/Users/user/MyFiles/ProgmiX/PEX-Form-main/artisan(35): Illuminate/Foundation/Console/Kernel->handle(Object(Symfony/Component/Console/Input/ArgvInput), Object(Symfony/Component/Console/Output/ConsoleOutput))
#60 {main}
"} 
[2026-09-20 09:52:08] local.ERROR: cURL error 28: Operation timed out after 10014 milliseconds with 0 bytes received (see https://curl.se/libcurl/c/libcurl-errors.html) for http://127.0.0.1:8000/assets/images/pex/speakers/04-iyad-joudeh.jpg {"userId":1,"exception":"[object] (GuzzleHttp\\Exception\\ConnectException(code: 0): cURL error 28: Operation timed out after 10014 milliseconds with 0 bytes received (see https://curl.se/libcurl/c/libcurl-errors.html) for http://127.0.0.1:8000/assets/images/pex/speakers/04-iyad-joudeh.jpg at C:/Users/user/MyFiles/ProgmiX/PEX-Form-main/vendor/guzzlehttp/guzzle/src/Handler/CurlFactory.php:1140)
[stacktrace]
#0 C:/Users/user/MyFiles/ProgmiX/PEX-Form-main/vendor/guzzlehttp/guzzle/src/Handler/CurlFactory.php(1077): GuzzleHttp/Handler/CurlFactory::createRejection(Object(GuzzleHttp/Handler/EasyHandle), Array)
#1 C:/Users/user/MyFiles/ProgmiX/PEX-Form-main/vendor/guzzlehttp/guzzle/src/Handler/CurlFactory.php(1014): GuzzleHttp/Handler/CurlFactory::finishError(Object(GuzzleHttp/Handler/CurlHandler), Object(GuzzleHttp/Handler/EasyHandle), Object(GuzzleHttp/Handler/CurlFactory))
#2 C:/Users/user/MyFiles/ProgmiX/PEX-Form-main/vendor/guzzlehttp/guzzle/src/Handler/CurlHandler.php(88): GuzzleHttp/Handler/CurlFactory::finish(Object(GuzzleHttp/Handler/CurlHandler), Object(GuzzleHttp/Handler/EasyHandle), Object(GuzzleHttp/Handler/CurlFactory))
#3 C:/Users/user/MyFiles/ProgmiX/PEX-Form-main/vendor/guzzlehttp/guzzle/src/Handler/Proxy.php(28): GuzzleHttp/Handler/CurlHandler->__invoke(Object(GuzzleHttp/Psr7/Request), Array)
#4 C:/Users/user/MyFiles/ProgmiX/PEX-Form-main/vendor/guzzlehttp/guzzle/src/Handler/Proxy.php(68): GuzzleHttp/Handler/Proxy::GuzzleHttp/Handler/{closure}(Object(GuzzleHttp/Psr7/Request), Array)
#5 C:/Users/user/MyFiles/ProgmiX/PEX-Form-main/vendor/guzzlehttp/guzzle/src/Handler/Proxy.php(48): GuzzleHttp/Handler/Proxy::GuzzleHttp/Handler/{closure}(Object(GuzzleHttp/Psr7/Request), Array)
#6 C:/Users/user/MyFiles/ProgmiX/PEX-Form-main/vendor/guzzlehttp/guzzle/src/PrepareBodyMiddleware.php(35): GuzzleHttp/Handler/Proxy::GuzzleHttp/Handler/{closure}(Object(GuzzleHttp/Psr7/Request), Array)
#7 C:/Users/user/MyFiles/ProgmiX/PEX-Form-main/vendor/guzzlehttp/guzzle/src/Middleware.php(31): GuzzleHttp/PrepareBodyMiddleware->__invoke(Object(GuzzleHttp/Psr7/Request), Array)
#8 C:/Users/user/MyFiles/ProgmiX/PEX-Form-main/vendor/guzzlehttp/guzzle/src/RedirectMiddleware.php(72): GuzzleHttp/Middleware::GuzzleHttp/{closure}(Object(GuzzleHttp/Psr7/Request), Array)
#9 C:/Users/user/MyFiles/ProgmiX/PEX-Form-main/vendor/guzzlehttp/guzzle/src/Middleware.php(66): GuzzleHttp/RedirectMiddleware->__invoke(Object(GuzzleHttp/Psr7/Request), Array)
#10 C:/Users/user/MyFiles/ProgmiX/PEX-Form-main/vendor/guzzlehttp/guzzle/src/HandlerStack.php(75): GuzzleHttp/Middleware::GuzzleHttp/{closure}(Object(GuzzleHttp/Psr7/Request), Array)
#11 C:/Users/user/MyFiles/ProgmiX/PEX-Form-main/vendor/guzzlehttp/guzzle/src/Client.php(1109): GuzzleHttp/HandlerStack->__invoke(Object(GuzzleHttp/Psr7/Request), Array)
#12 C:/Users/user/MyFiles/ProgmiX/PEX-Form-main/vendor/guzzlehttp/guzzle/src/Client.php(243): GuzzleHttp/Client->transfer(Object(GuzzleHttp/Psr7/Request), Array)
#13 C:/Users/user/MyFiles/ProgmiX/PEX-Form-main/vendor/guzzlehttp/guzzle/src/Client.php(273): GuzzleHttp/Client->requestAsync('GET', Object(GuzzleHttp/Psr7/Uri), Array)
#14 C:/Users/user/MyFiles/ProgmiX/PEX-Form-main/vendor/guzzlehttp/guzzle/src/ClientTrait.php(44): GuzzleHttp/Client->request('GET', 'http://127.0.0....', Array)
#15 C:/Users/user/MyFiles/ProgmiX/PEX-Form-main/modules/CMS/Support/FileManager.php(417): GuzzleHttp/Client->get('http://127.0.0....', Array)
#16 C:/Users/user/MyFiles/ProgmiX/PEX-Form-main/modules/CMS/Support/FileManager.php(320): Juzaweb/CMS/Support/FileManager->getContentFileUrl('http://127.0.0....')
#17 C:/Users/user/MyFiles/ProgmiX/PEX-Form-main/modules/CMS/Support/FileManager.php(298): Juzaweb/CMS/Support/FileManager->makeUploadedFileByUrl()
#18 C:/Users/user/MyFiles/ProgmiX/PEX-Form-main/modules/CMS/Support/FileManager.php(214): Juzaweb/CMS/Support/FileManager->makeUploadedFile()
#19 C:/Users/user/MyFiles/ProgmiX/PEX-Form-main/modules/CMS/Support/FileManager.php(169): Juzaweb/CMS/Support/FileManager->uploadUploadedFile()
#20 C:/Users/user/MyFiles/ProgmiX/PEX-Form-main/modules/Backend/Http/Controllers/FileManager/UploadController.php(109): Juzaweb/CMS/Support/FileManager->save()
#21 C:/Users/user/MyFiles/ProgmiX/PEX-Form-main/vendor/laravel/framework/src/Illuminate/Routing/Controller.php(54): Juzaweb/Backend/Http/Controllers/FileManager/UploadController->import(Object(Juzaweb/Backend/Http/Requests/FileManager/ImportRequest))
#22 C:/Users/user/MyFiles/ProgmiX/PEX-Form-main/modules/CMS/Http/Controllers/BackendController.php(28): Illuminate/Routing/Controller->callAction('import', Array)
#23 C:/Users/user/MyFiles/ProgmiX/PEX-Form-main/vendor/laravel/framework/src/Illuminate/Routing/ControllerDispatcher.php(43): Juzaweb/CMS/Http/Controllers/BackendController->callAction('import', Array)
#24 C:/Users/user/MyFiles/ProgmiX/PEX-Form-main/vendor/laravel/framework/src/Illuminate/Routing/Route.php(265): Illuminate/Routing/ControllerDispatcher->dispatch(Object(Illuminate/Routing/Route), Object(Juzaweb/Backend/Http/Controllers/FileManager/UploadController), 'import')
#25 C:/Users/user/MyFiles/ProgmiX/PEX-Form-main/vendor/laravel/framework/src/Illuminate/Routing/Route.php(211): Illuminate/Routing/Route->runController()
#26 C:/Users/user/MyFiles/ProgmiX/PEX-Form-main/vendor/laravel/framework/src/Illuminate/Routing/Router.php(822): Illuminate/Routing/Route->run()
#27 C:/Users/user/MyFiles/ProgmiX/PEX-Form-main/vendor/laravel/framework/src/Illuminate/Pipeline/Pipeline.php(180): Illuminate/Routing/Router->Illuminate/Routing/{closure}(Object(Illuminate/Http/Request))
#28 C:/Users/user/MyFiles/ProgmiX/PEX-Form-main/modules/CMS/Http/Middleware/Admin.php(74): Illuminate/Pipeline/Pipeline->Illuminate/Pipeline/{closure}(Object(Illuminate/Http/Request))
#29 C:/Users/user/MyFiles/ProgmiX/PEX-Form-main/vendor/laravel/framework/src/Illuminate/Pipeline/Pipeline.php(219): Juzaweb/CMS/Http/Middleware/Admin->handle(Object(Illuminate/Http/Request), Object(Closure))
#30 C:/Users/user/MyFiles/ProgmiX/PEX-Form-main/vendor/barryvdh/laravel-debugbar/src/Middleware/InjectDebugbar.php(59): Illuminate/Pipeline/Pipeline->Illuminate/Pipeline/{closure}(Object(Illuminate/Http/Request))
#31 C:/Users/user/MyFiles/ProgmiX/PEX-Form-main/vendor/laravel/framework/src/Illuminate/Pipeline/Pipeline.php(219): Barryvdh/Debugbar/Middleware/InjectDebugbar->handle(Object(Illuminate/Http/Request), Object(Closure))
#32 C:/Users/user/MyFiles/ProgmiX/PEX-Form-main/modules/CMS/Http/Middleware/XFrameHeadersMiddleware.php(41): Illuminate/Pipeline/Pipeline->Illuminate/Pipeline/{closure}(Object(Illuminate/Http/Request))
#33 C:/Users/user/MyFiles/ProgmiX/PEX-Form-main/vendor/laravel/framework/src/Illuminate/Pipeline/Pipeline.php(219): Juzaweb/CMS/Http/Middleware/XFrameHeadersMiddleware->handle(Object(Illuminate/Http/Request), Object(Closure))
#34 C:/Users/user/MyFiles/ProgmiX/PEX-Form-main/vendor/laravel/framework/src/Illuminate/Routing/Middleware/SubstituteBindings.php(50): Illuminate/Pipeline/Pipeline->Illuminate/Pipeline/{closure}(Object(Illuminate/Http/Request))
#35 C:/Users/user/MyFiles/ProgmiX/PEX-Form-main/vendor/laravel/framework/src/Illuminate/Pipeline/Pipeline.php(219): Illuminate/Routing/Middleware/SubstituteBindings->handle(Object(Illuminate/Http/Request), Object(Closure))
#36 C:/Users/user/MyFiles/ProgmiX/PEX-Form-main/vendor/laravel/framework/src/Illuminate/Cookie/Middleware/AddQueuedCookiesToResponse.php(36): Illuminate/Pipeline/Pipeline->Illuminate/Pipeline/{closure}(Object(Illuminate/Http/Request))
#37 C:/Users/user/MyFiles/ProgmiX/PEX-Form-main/vendor/laravel/framework/src/Illuminate/Pipeline/Pipeline.php(219): Illuminate/Cookie/Middleware/AddQueuedCookiesToResponse->handle(Object(Illuminate/Http/Request), Object(Closure))
#38 C:/Users/user/MyFiles/ProgmiX/PEX-Form-main/vendor/laravel/framework/src/Illuminate/View/Middleware/ShareErrorsFromSession.php(48): Illuminate/Pipeline/Pipeline->Illuminate/Pipeline/{closure}(Object(Illuminate/Http/Request))
#39 C:/Users/user/MyFiles/ProgmiX/PEX-Form-main/modules/Backend/Http/Middleware/ShareErrorsUnlessBot.php(24): Illuminate/View/Middleware/ShareErrorsFromSession->handle(Object(Illuminate/Http/Request), Object(Closure))
#40 C:/Users/user/MyFiles/ProgmiX/PEX-Form-main/vendor/laravel/framework/src/Illuminate/Pipeline/Pipeline.php(219): Juzaweb/Backend/Http/Middleware/ShareErrorsUnlessBot->handle(Object(Illuminate/Http/Request), Object(Closure))
#41 C:/Users/user/MyFiles/ProgmiX/PEX-Form-main/vendor/laravel/framework/src/Illuminate/Session/Middleware/StartSession.php(120): Illuminate/Pipeline/Pipeline->Illuminate/Pipeline/{closure}(Object(Illuminate/Http/Request))
#42 C:/Users/user/MyFiles/ProgmiX/PEX-Form-main/vendor/laravel/framework/src/Illuminate/Session/Middleware/StartSession.php(63): Illuminate/Session/Middleware/StartSession->handleStatefulRequest(Object(Illuminate/Http/Request), Object(Illuminate/Session/Store), Object(Closure))
#43 C:/Users/user/MyFiles/ProgmiX/PEX-Form-main/modules/Backend/Http/Middleware/SkipSessionForBots.php(24): Illuminate/Session/Middleware/StartSession->handle(Object(Illuminate/Http/Request), Object(Closure))
#44 C:/Users/user/MyFiles/ProgmiX/PEX-Form-main/vendor/laravel/framework/src/Illuminate/Pipeline/Pipeline.php(219): Juzaweb/Backend/Http/Middleware/SkipSessionForBots->handle(Object(Illuminate/Http/Request), Object(Closure))
#45 C:/Users/user/MyFiles/ProgmiX/PEX-Form-main/vendor/laravel/framework/src/Illuminate/Cookie/Middleware/EncryptCookies.php(74): Illuminate/Pipeline/Pipeline->Illuminate/Pipeline/{closure}(Object(Illuminate/Http/Request))
#46 C:/Users/user/MyFiles/ProgmiX/PEX-Form-main/vendor/laravel/framework/src/Illuminate/Pipeline/Pipeline.php(219): Illuminate/Cookie/Middleware/EncryptCookies->handle(Object(Illuminate/Http/Request), Object(Closure))
#47 C:/Users/user/MyFiles/ProgmiX/PEX-Form-main/modules/CMS/Http/Middleware/GlobalMiddleware.php(11): Illuminate/Pipeline/Pipeline->Illuminate/Pipeline/{closure}(Object(Illuminate/Http/Request))
#48 C:/Users/user/MyFiles/ProgmiX/PEX-Form-main/vendor/laravel/framework/src/Illuminate/Pipeline/Pipeline.php(219): Juzaweb/CMS/Http/Middleware/GlobalMiddleware->handle(Object(Illuminate/Http/Request), Object(Closure))
#49 C:/Users/user/MyFiles/ProgmiX/PEX-Form-main/modules/Backend/Http/Middleware/DisableSessionForBots.php(30): Illuminate/Pipeline/Pipeline->Illuminate/Pipeline/{closure}(Object(Illuminate/Http/Request))
#50 C:/Users/user/MyFiles/ProgmiX/PEX-Form-main/vendor/laravel/framework/src/Illuminate/Pipeline/Pipeline.php(219): Juzaweb/Backend/Http/Middleware/DisableSessionForBots->handle(Object(Illuminate/Http/Request), Object(Closure))
#51 C:/Users/user/MyFiles/ProgmiX/PEX-Form-main/vendor/laravel/framework/src/Illuminate/Pipeline/Pipeline.php(137): Illuminate/Pipeline/Pipeline->Illuminate/Pipeline/{closure}(Object(Illuminate/Http/Request))
#52 C:/Users/user/MyFiles/ProgmiX/PEX-Form-main/vendor/laravel/framework/src/Illuminate/Routing/Router.php(821): Illuminate/Pipeline/Pipeline->then(Object(Closure))
#53 C:/Users/user/MyFiles/ProgmiX/PEX-Form-main/vendor/laravel/framework/src/Illuminate/Routing/Router.php(800): Illuminate/Routing/Router->runRouteWithinStack(Object(Illuminate/Routing/Route), Object(Illuminate/Http/Request))
#54 C:/Users/user/MyFiles/ProgmiX/PEX-Form-main/vendor/laravel/framework/src/Illuminate/Routing/Router.php(764): Illuminate/Routing/Router->runRoute(Object(Illuminate/Http/Request), Object(Illuminate/Routing/Route))
#55 C:/Users/user/MyFiles/ProgmiX/PEX-Form-main/vendor/laravel/framework/src/Illuminate/Routing/Router.php(753): Illuminate/Routing/Router->dispatchToRoute(Object(Illuminate/Http/Request))
#56 C:/Users/user/MyFiles/ProgmiX/PEX-Form-main/vendor/laravel/framework/src/Illuminate/Foundation/Http/Kernel.php(200): Illuminate/Routing/Router->dispatch(Object(Illuminate/Http/Request))
#57 C:/Users/user/MyFiles/ProgmiX/PEX-Form-main/vendor/laravel/framework/src/Illuminate/Pipeline/Pipeline.php(180): Illuminate/Foundation/Http/Kernel->Illuminate/Foundation/Http/{closure}(Object(Illuminate/Http/Request))
#58 C:/Users/user/MyFiles/ProgmiX/PEX-Form-main/vendor/barryvdh/laravel-debugbar/src/Middleware/InjectDebugbar.php(59): Illuminate/Pipeline/Pipeline->Illuminate/Pipeline/{closure}(Object(Illuminate/Http/Request))
#59 C:/Users/user/MyFiles/ProgmiX/PEX-Form-main/vendor/laravel/framework/src/Illuminate/Pipeline/Pipeline.php(219): Barryvdh/Debugbar/Middleware/InjectDebugbar->handle(Object(Illuminate/Http/Request), Object(Closure))
#60 C:/Users/user/MyFiles/ProgmiX/PEX-Form-main/modules/Backend/Http/Middleware/BlockIpMiddleware.php(31): Illuminate/Pipeline/Pipeline->Illuminate/Pipeline/{closure}(Object(Illuminate/Http/Request))
#61 C:/Users/user/MyFiles/ProgmiX/PEX-Form-main/vendor/laravel/framework/src/Illuminate/Pipeline/Pipeline.php(219): Juzaweb/Backend/Http/Middleware/BlockIpMiddleware->handle(Object(Illuminate/Http/Request), Object(Closure))
#62 C:/Users/user/MyFiles/ProgmiX/PEX-Form-main/modules/Backend/Http/Middleware/SecurityHeaders.php(25): Illuminate/Pipeline/Pipeline->Illuminate/Pipeline/{closure}(Object(Illuminate/Http/Request))
#63 C:/Users/user/MyFiles/ProgmiX/PEX-Form-main/vendor/laravel/framework/src/Illuminate/Pipeline/Pipeline.php(219): Juzaweb/Backend/Http/Middleware/SecurityHeaders->handle(Object(Illuminate/Http/Request), Object(Closure))
#64 C:/Users/user/MyFiles/ProgmiX/PEX-Form-main/vendor/laravel/framework/src/Illuminate/Foundation/Http/Middleware/TransformsRequest.php(21): Illuminate/Pipeline/Pipeline->Illuminate/Pipeline/{closure}(Object(Illuminate/Http/Request))
#65 C:/Users/user/MyFiles/ProgmiX/PEX-Form-main/vendor/laravel/framework/src/Illuminate/Foundation/Http/Middleware/ConvertEmptyStringsToNull.php(31): Illuminate/Foundation/Http/Middleware/TransformsRequest->handle(Object(Illuminate/Http/Request), Object(Closure))
#66 C:/Users/user/MyFiles/ProgmiX/PEX-Form-main/vendor/laravel/framework/src/Illuminate/Pipeline/Pipeline.php(219): Illuminate/Foundation/Http/Middleware/ConvertEmptyStringsToNull->handle(Object(Illuminate/Http/Request), Object(Closure))
#67 C:/Users/user/MyFiles/ProgmiX/PEX-Form-main/vendor/laravel/framework/src/Illuminate/Foundation/Http/Middleware/TransformsRequest.php(21): Illuminate/Pipeline/Pipeline->Illuminate/Pipeline/{closure}(Object(Illuminate/Http/Request))
#68 C:/Users/user/MyFiles/ProgmiX/PEX-Form-main/vendor/laravel/framework/src/Illuminate/Foundation/Http/Middleware/TrimStrings.php(51): Illuminate/Foundation/Http/Middleware/TransformsRequest->handle(Object(Illuminate/Http/Request), Object(Closure))
#69 C:/Users/user/MyFiles/ProgmiX/PEX-Form-main/vendor/laravel/framework/src/Illuminate/Pipeline/Pipeline.php(219): Illuminate/Foundation/Http/Middleware/TrimStrings->handle(Object(Illuminate/Http/Request), Object(Closure))
#70 C:/Users/user/MyFiles/ProgmiX/PEX-Form-main/vendor/laravel/framework/src/Illuminate/Http/Middleware/ValidatePostSize.php(27): Illuminate/Pipeline/Pipeline->Illuminate/Pipeline/{closure}(Object(Illuminate/Http/Request))
#71 C:/Users/user/MyFiles/ProgmiX/PEX-Form-main/vendor/laravel/framework/src/Illuminate/Pipeline/Pipeline.php(219): Illuminate/Http/Middleware/ValidatePostSize->handle(Object(Illuminate/Http/Request), Object(Closure))
#72 C:/Users/user/MyFiles/ProgmiX/PEX-Form-main/vendor/laravel/framework/src/Illuminate/Foundation/Http/Middleware/PreventRequestsDuringMaintenance.php(109): Illuminate/Pipeline/Pipeline->Illuminate/Pipeline/{closure}(Object(Illuminate/Http/Request))
#73 C:/Users/user/MyFiles/ProgmiX/PEX-Form-main/vendor/laravel/framework/src/Illuminate/Pipeline/Pipeline.php(219): Illuminate/Foundation/Http/Middleware/PreventRequestsDuringMaintenance->handle(Object(Illuminate/Http/Request), Object(Closure))
#74 C:/Users/user/MyFiles/ProgmiX/PEX-Form-main/vendor/laravel/framework/src/Illuminate/Http/Middleware/HandleCors.php(61): Illuminate/Pipeline/Pipeline->Illuminate/Pipeline/{closure}(Object(Illuminate/Http/Request))
#75 C:/Users/user/MyFiles/ProgmiX/PEX-Form-main/vendor/laravel/framework/src/Illuminate/Pipeline/Pipeline.php(219): Illuminate/Http/Middleware/HandleCors->handle(Object(Illuminate/Http/Request), Object(Closure))
#76 C:/Users/user/MyFiles/ProgmiX/PEX-Form-main/vendor/laravel/framework/src/Illuminate/Http/Middleware/TrustProxies.php(58): Illuminate/Pipeline/Pipeline->Illuminate/Pipeline/{closure}(Object(Illuminate/Http/Request))
#77 C:/Users/user/MyFiles/ProgmiX/PEX-Form-main/vendor/laravel/framework/src/Illuminate/Pipeline/Pipeline.php(219): Illuminate/Http/Middleware/TrustProxies->handle(Object(Illuminate/Http/Request), Object(Closure))
#78 C:/Users/user/MyFiles/ProgmiX/PEX-Form-main/vendor/laravel/framework/src/Illuminate/Pipeline/Pipeline.php(137): Illuminate/Pipeline/Pipeline->Illuminate/Pipeline/{closure}(Object(Illuminate/Http/Request))
#79 C:/Users/user/MyFiles/ProgmiX/PEX-Form-main/vendor/laravel/framework/src/Illuminate/Foundation/Http/Kernel.php(175): Illuminate/Pipeline/Pipeline->then(Object(Closure))
#80 C:/Users/user/MyFiles/ProgmiX/PEX-Form-main/vendor/laravel/framework/src/Illuminate/Foundation/Http/Kernel.php(144): Illuminate/Foundation/Http/Kernel->sendRequestThroughRouter(Object(Illuminate/Http/Request))
#81 C:/Users/user/MyFiles/ProgmiX/PEX-Form-main/public/index.php(51): Illuminate/Foundation/Http/Kernel->handle(Object(Illuminate/Http/Request))
#82 C:/Users/user/MyFiles/ProgmiX/PEX-Form-main/vendor/laravel/framework/src/Illuminate/Foundation/resources/server.php(23): require_once('C://Users//user//M...')
#83 {main}
"} 
